~/workspace$ git init
Reinitialized existing Git repository in /home/runner/workspace/.git/
~/workspace$ git add .
~/workspace$ git commit -m "hi"
On branch main
Your branch is ahead of 'origin/main' by 23 commits.
  (use "git push" to publish your local commits)

nothing to commit, working tree clean
~/workspace$ git remote add origin https://github.com/savagelylol/Browser-Bot.git
error: remote origin already exists.
~/workspace$     git push -u origin main
Enumerating objects: 117, done.
Counting objects: 100% (117/117), done.
Delta compression using up to 8 threads
Compressing objects: 100% (116/116), done.
Writing objects: 100% (117/117), 270.91 KiB | 15.94 MiB/s, done.
Total 117 (delta 61), reused 0 (delta 0), pack-reused 0 (from 0)
remote: Resolving deltas: 100% (61/61), done.
remote: fatal: did not receive expected object 9777c3db5d15f0c84346a37c9abc0759515607a5
error: remote unpack failed: index-pack failed
To https://github.com/savagelylol/Browser-Bot.git
 ! [remote rejected] main -> main (failed)
error: failed to push some refs to 'https://github.com/savagelylol/Browser-Bot.git'
~/workspace$     git pull origin https://github.com/savagelylol/Browser-Bot.git
fatal: invalid refspec 'https://github.com/savagelylol/Browser-Bot.git'
~/workspace$ git push --force origin https://github.com/savagelylol/Browser-Bot.git
fatal: invalid refspec 'https://github.com/savagelylol/Browser-Bot.git'
~/workspace$ git remote -v
gitsafe-backup  git://gitsafe:5418/backup.git (fetch)
gitsafe-backup  git://gitsafe:5418/backup.git (push)
origin  https://github.com/savagelylol/Browser-Bot.git (fetch)
origin  https://github.com/savagelylol/Browser-Bot.git (push)
~/workspace$         git fetch origin
~/workspace$ git merge https://github.com/savagelylol/Browser-Bot.git
merge: https://github.com/savagelylol/Browser-Bot.git - not something we can merge
~/workspace$ git merge https://github.com/savagelylol/Browser-Bot
merge: https://github.com/savagelylol/Browser-Bot - not something we can merge
~/workspace$ git merge savagelylol/Browser-Bot
merge: savagelylol/Browser-Bot - not something we can merge
~/workspace$ git merge origin/main
Already up to date.
~/workspace$ git rebase origin/main
Current branch main is up to date.
~/workspace$ git commit
On branch main
Your branch is ahead of 'origin/main' by 23 commits.
  (use "git push" to publish your local commits)

nothing to commit, working tree clean
~/workspace$ git rebase --continue
fatal: no rebase in progress
~/workspace$ git push
Enumerating objects: 117, done.
Counting objects: 100% (117/117), done.
Delta compression using up to 8 threads
Compressing objects: 100% (116/116), done.
Writing objects: 100% (117/117), 280.27 KiB | 12.74 MiB/s, done.
Total 117 (delta 60), reused 0 (delta 0), pack-reused 0 (from 0)
remote: Resolving deltas: 100% (60/60), done.
remote: fatal: did not receive expected object 9777c3db5d15f0c84346a37c9abc0759515607a5
error: remote unpack failed: index-pack failed
To https://github.com/savagelylol/Browser-Bot.git
 ! [remote rejected] main -> main (failed)
error: failed to push some refs to 'https://github.com/savagelylol/Browser-Bot.git'
~/workspace$ 